2026-04-22T20:03:16.832+03:00  INFO 1766 --- [auth-service] [main] by.step.AuthServiceApplication           : Starting AuthServiceApplication using Java 17.0.18 with PID 1766 (/mnt/c/Users/diman/IdeaProjects/skin-market/auth-service/target/classes started by diman in /mnt/c/Users/diman/IdeaProjects/skin-market/auth-service)
2026-04-22T20:03:16.835+03:00 DEBUG 1766 --- [auth-service] [main] by.step.AuthServiceApplication           : Running with Spring Boot v3.2.0, Spring v6.1.1
2026-04-22T20:03:16.836+03:00  INFO 1766 --- [auth-service] [main] by.step.AuthServiceApplication           : The following 1 profile is active: "jwt"
2026-04-22T20:03:20.190+03:00  INFO 1766 --- [auth-service] [main] o.s.b.w.embedded.tomcat.TomcatWebServer  : Tomcat initialized with port 9510 (http)
2026-04-22T20:03:20.216+03:00  INFO 1766 --- [auth-service] [main] o.apache.catalina.core.StandardService   : Starting service [Tomcat]
2026-04-22T20:03:20.217+03:00  INFO 1766 --- [auth-service] [main] o.apache.catalina.core.StandardEngine    : Starting Servlet engine: [Apache Tomcat/10.1.16]
2026-04-22T20:03:20.324+03:00  INFO 1766 --- [auth-service] [main] o.a.c.c.C.[Tomcat].[localhost].[/]       : Initializing Spring embedded WebApplicationContext
2026-04-22T20:03:20.325+03:00  INFO 1766 --- [auth-service] [main] w.s.c.ServletWebServerApplicationContext : Root WebApplicationContext: initialization completed in 3401 ms
2026-04-22T20:03:22.378+03:00 DEBUG 1766 --- [auth-service] [main] by.step.config.JwtAuthenticationFilter   : Filter 'jwtAuthenticationFilter' configured for use
2026-04-22T20:03:23.276+03:00  INFO 1766 --- [auth-service] [main] o.s.s.web.DefaultSecurityFilterChain     : Will secure any request with [org.springframework.security.web.session.DisableEncodeUrlFilter@56382bc9, org.springframework.security.web.context.request.async.WebAsyncManagerIntegrationFilter@591a4f8e, org.springframework.security.web.context.SecurityContextHolderFilter@443faa85, org.springframework.security.web.header.HeaderWriterFilter@44be69aa, org.springframework.security.web.authentication.logout.LogoutFilter@6993c8df, by.step.config.JwtAuthenticationFilter@13fed1ec, org.springframework.security.web.savedrequest.RequestCacheAwareFilter@41da3aee, org.springframework.security.web.servletapi.SecurityContextHolderAwareRequestFilter@5dc0ff7d, org.springframework.security.web.authentication.AnonymousAuthenticationFilter@53ed80d3, org.springframework.security.web.session.SessionManagementFilter@40f35e52, org.springframework.security.web.access.ExceptionTranslationFilter@1fd9893c, org.springframework.security.web.access.intercept.AuthorizationFilter@15f35bc3]
2026-04-22T20:03:23.655+03:00  INFO 1766 --- [auth-service] [main] o.s.b.w.embedded.tomcat.TomcatWebServer  : Tomcat started on port 9510 (http) with context path ''
2026-04-22T20:03:23.664+03:00  INFO 1766 --- [auth-service] [main] by.step.AuthServiceApplication           : Started AuthServiceApplication in 8.754 seconds (process running for 9.433)
2026-04-22T20:44:57.890+03:00  INFO 1766 --- [auth-service] [http-nio-9510-exec-1] o.a.c.c.C.[Tomcat].[localhost].[/]       : Initializing Spring DispatcherServlet 'dispatcherServlet'
2026-04-22T20:44:57.899+03:00  INFO 1766 --- [auth-service] [http-nio-9510-exec-1] o.s.web.servlet.DispatcherServlet        : Initializing Servlet 'dispatcherServlet'
2026-04-22T20:44:57.920+03:00  INFO 1766 --- [auth-service] [http-nio-9510-exec-1] o.s.web.servlet.DispatcherServlet        : Completed initialization in 20 ms
2026-04-22T20:44:58.033+03:00 DEBUG 1766 --- [auth-service] [http-nio-9510-exec-1] o.s.security.web.FilterChainProxy        : Securing POST /api/jwt/auth/login
2026-04-22T20:44:58.166+03:00 DEBUG 1766 --- [auth-service] [http-nio-9510-exec-1] o.s.s.w.a.AnonymousAuthenticationFilter  : Set SecurityContextHolder to anonymous SecurityContext
2026-04-22T20:44:58.172+03:00  WARN 1766 --- [auth-service] [http-nio-9510-exec-1] o.s.w.s.h.HandlerMappingIntrospector     : Cache miss for REQUEST dispatch to '/api/jwt/auth/login' (previous null). Performing MatchableHandlerMapping lookup. This is logged once only at WARN level, and every time at TRACE.
2026-04-22T20:44:58.380+03:00 DEBUG 1766 --- [auth-service] [http-nio-9510-exec-1] o.s.security.web.FilterChainProxy        : Secured POST /api/jwt/auth/login
2026-04-22T20:45:02.080+03:00 DEBUG 1766 --- [auth-service] [http-nio-9510-exec-1] o.s.s.a.dao.DaoAuthenticationProvider    : Authenticated user
2026-04-22T20:45:03.193+03:00 DEBUG 1766 --- [auth-service] [http-nio-9510-exec-1] o.s.s.a.dao.DaoAuthenticationProvider    : Authenticated user
2026-04-22T20:46:04.305+03:00 DEBUG 1766 --- [auth-service] [http-nio-9510-exec-2] o.s.security.web.FilterChainProxy        : Securing POST /api/jwt/auth/login
2026-04-22T20:46:04.308+03:00 DEBUG 1766 --- [auth-service] [http-nio-9510-exec-2] o.s.s.w.a.AnonymousAuthenticationFilter  : Set SecurityContextHolder to anonymous SecurityContext
2026-04-22T20:46:04.312+03:00 DEBUG 1766 --- [auth-service] [http-nio-9510-exec-2] o.s.security.web.FilterChainProxy        : Secured POST /api/jwt/auth/login
2026-04-22T20:46:05.536+03:00 DEBUG 1766 --- [auth-service] [http-nio-9510-exec-2] o.s.s.a.dao.DaoAuthenticationProvider    : Authenticated user
2026-04-22T20:46:06.720+03:00 DEBUG 1766 --- [auth-service] [http-nio-9510-exec-2] o.s.s.a.dao.DaoAuthenticationProvider    : Authenticated user
2026-04-22T20:55:57.197+03:00  INFO 4922 --- [auth-service] [main] by.step.AuthServiceApplication           : Starting AuthServiceApplication using Java 17.0.18 with PID 4922 (/mnt/c/Users/diman/IdeaProjects/skin-market/auth-service/target/classes started by diman in /mnt/c/Users/diman/IdeaProjects/skin-market/auth-service)
2026-04-22T20:55:57.204+03:00 DEBUG 4922 --- [auth-service] [main] by.step.AuthServiceApplication           : Running with Spring Boot v3.2.0, Spring v6.1.1
2026-04-22T20:55:57.207+03:00  INFO 4922 --- [auth-service] [main] by.step.AuthServiceApplication           : The following 1 profile is active: "jwt"
2026-04-22T20:56:08.412+03:00  INFO 4922 --- [auth-service] [main] o.s.b.w.embedded.tomcat.TomcatWebServer  : Tomcat initialized with port 9510 (http)
2026-04-22T20:56:08.509+03:00  INFO 4922 --- [auth-service] [main] o.apache.catalina.core.StandardService   : Starting service [Tomcat]
2026-04-22T20:56:08.511+03:00  INFO 4922 --- [auth-service] [main] o.apache.catalina.core.StandardEngine    : Starting Servlet engine: [Apache Tomcat/10.1.16]
2026-04-22T20:56:08.934+03:00  INFO 4922 --- [auth-service] [main] o.a.c.c.C.[Tomcat].[localhost].[/]       : Initializing Spring embedded WebApplicationContext
2026-04-22T20:56:08.935+03:00  INFO 4922 --- [auth-service] [main] w.s.c.ServletWebServerApplicationContext : Root WebApplicationContext: initialization completed in 11441 ms
2026-04-22T20:56:13.013+03:00 DEBUG 4922 --- [auth-service] [main] by.step.config.JwtAuthenticationFilter   : Filter 'jwtAuthenticationFilter' configured for use
2026-04-22T20:56:16.430+03:00  INFO 4922 --- [auth-service] [main] o.s.s.web.DefaultSecurityFilterChain     : Will secure any request with [org.springframework.security.web.session.DisableEncodeUrlFilter@5377414a, org.springframework.security.web.context.request.async.WebAsyncManagerIntegrationFilter@4e83a98, org.springframework.security.web.context.SecurityContextHolderFilter@51ab1ee3, org.springframework.security.web.header.HeaderWriterFilter@673c4f6e, org.springframework.security.web.authentication.logout.LogoutFilter@591a4f8e, by.step.config.JwtAuthenticationFilter@76db540e, org.springframework.security.web.savedrequest.RequestCacheAwareFilter@3003e580, org.springframework.security.web.servletapi.SecurityContextHolderAwareRequestFilter@28757abd, org.springframework.security.web.authentication.AnonymousAuthenticationFilter@17aa8a11, org.springframework.security.web.session.SessionManagementFilter@67531e3a, org.springframework.security.web.access.ExceptionTranslationFilter@127705e4, org.springframework.security.web.access.intercept.AuthorizationFilter@57c00115]
2026-04-22T20:56:18.050+03:00  INFO 4922 --- [auth-service] [main] o.s.b.w.embedded.tomcat.TomcatWebServer  : Tomcat started on port 9510 (http) with context path ''
2026-04-22T20:56:18.070+03:00  INFO 4922 --- [auth-service] [main] by.step.AuthServiceApplication           : Started AuthServiceApplication in 26.245 seconds (process running for 27.959)
2026-04-22T20:57:16.866+03:00  INFO 4922 --- [auth-service] [http-nio-9510-exec-1] o.a.c.c.C.[Tomcat].[localhost].[/]       : Initializing Spring DispatcherServlet 'dispatcherServlet'
2026-04-22T20:57:16.867+03:00  INFO 4922 --- [auth-service] [http-nio-9510-exec-1] o.s.web.servlet.DispatcherServlet        : Initializing Servlet 'dispatcherServlet'
2026-04-22T20:57:16.869+03:00  INFO 4922 --- [auth-service] [http-nio-9510-exec-1] o.s.web.servlet.DispatcherServlet        : Completed initialization in 1 ms
2026-04-22T20:57:16.894+03:00 DEBUG 4922 --- [auth-service] [http-nio-9510-exec-1] o.s.security.web.FilterChainProxy        : Securing POST /api/jwt/auth/login
2026-04-22T20:57:16.918+03:00 DEBUG 4922 --- [auth-service] [http-nio-9510-exec-1] o.s.s.w.a.AnonymousAuthenticationFilter  : Set SecurityContextHolder to anonymous SecurityContext
2026-04-22T20:57:16.919+03:00  WARN 4922 --- [auth-service] [http-nio-9510-exec-1] o.s.w.s.h.HandlerMappingIntrospector     : Cache miss for REQUEST dispatch to '/api/jwt/auth/login' (previous null). Performing MatchableHandlerMapping lookup. This is logged once only at WARN level, and every time at TRACE.
2026-04-22T20:57:16.967+03:00 DEBUG 4922 --- [auth-service] [http-nio-9510-exec-1] o.s.security.web.FilterChainProxy        : Secured POST /api/jwt/auth/login
2026-04-22T20:57:18.542+03:00 DEBUG 4922 --- [auth-service] [http-nio-9510-exec-1] o.s.s.a.dao.DaoAuthenticationProvider    : Authenticated user
2026-04-22T20:57:19.146+03:00 DEBUG 4922 --- [auth-service] [http-nio-9510-exec-1] o.s.s.a.dao.DaoAuthenticationProvider    : Authenticated user
2026-04-22T20:59:32.351+03:00 DEBUG 4922 --- [auth-service] [http-nio-9510-exec-3] o.s.security.web.FilterChainProxy        : Securing POST /api/jwt/auth/login
2026-04-22T20:59:32.352+03:00 DEBUG 4922 --- [auth-service] [http-nio-9510-exec-3] o.s.s.w.a.AnonymousAuthenticationFilter  : Set SecurityContextHolder to anonymous SecurityContext
2026-04-22T20:59:32.353+03:00 DEBUG 4922 --- [auth-service] [http-nio-9510-exec-3] o.s.security.web.FilterChainProxy        : Secured POST /api/jwt/auth/login
2026-04-22T20:59:32.963+03:00 DEBUG 4922 --- [auth-service] [http-nio-9510-exec-3] o.s.s.a.dao.DaoAuthenticationProvider    : Authenticated user
2026-04-22T20:59:33.605+03:00 DEBUG 4922 --- [auth-service] [http-nio-9510-exec-3] o.s.s.a.dao.DaoAuthenticationProvider    : Authenticated user
2026-04-22T21:04:40.191+03:00 DEBUG 4922 --- [auth-service] [http-nio-9510-exec-5] o.s.security.web.FilterChainProxy        : Securing POST /api/jwt/auth/login
2026-04-22T21:04:40.193+03:00 DEBUG 4922 --- [auth-service] [http-nio-9510-exec-5] o.s.s.w.a.AnonymousAuthenticationFilter  : Set SecurityContextHolder to anonymous SecurityContext
2026-04-22T21:04:40.194+03:00 DEBUG 4922 --- [auth-service] [http-nio-9510-exec-5] o.s.security.web.FilterChainProxy        : Secured POST /api/jwt/auth/login
2026-04-22T21:04:40.800+03:00 DEBUG 4922 --- [auth-service] [http-nio-9510-exec-5] o.s.s.a.dao.DaoAuthenticationProvider    : Authenticated user
2026-04-22T21:04:41.417+03:00 DEBUG 4922 --- [auth-service] [http-nio-9510-exec-5] o.s.s.a.dao.DaoAuthenticationProvider    : Authenticated user
2026-04-22T21:07:07.979+03:00 DEBUG 4922 --- [auth-service] [http-nio-9510-exec-7] o.s.security.web.FilterChainProxy        : Securing POST /api/jwt/auth/login
2026-04-22T21:07:07.981+03:00 DEBUG 4922 --- [auth-service] [http-nio-9510-exec-7] o.s.s.w.a.AnonymousAuthenticationFilter  : Set SecurityContextHolder to anonymous SecurityContext
2026-04-22T21:07:07.982+03:00 DEBUG 4922 --- [auth-service] [http-nio-9510-exec-7] o.s.security.web.FilterChainProxy        : Secured POST /api/jwt/auth/login
2026-04-22T21:07:08.603+03:00 DEBUG 4922 --- [auth-service] [http-nio-9510-exec-7] o.s.s.a.dao.DaoAuthenticationProvider    : Authenticated user
2026-04-22T21:07:09.213+03:00 DEBUG 4922 --- [auth-service] [http-nio-9510-exec-7] o.s.s.a.dao.DaoAuthenticationProvider    : Authenticated user
2026-04-22T21:07:32.253+03:00 DEBUG 4922 --- [auth-service] [http-nio-9510-exec-8] o.s.security.web.FilterChainProxy        : Securing POST /api/jwt/auth/login
2026-04-22T21:07:32.258+03:00 DEBUG 4922 --- [auth-service] [http-nio-9510-exec-8] o.s.s.w.a.AnonymousAuthenticationFilter  : Set SecurityContextHolder to anonymous SecurityContext
2026-04-22T21:07:32.260+03:00 DEBUG 4922 --- [auth-service] [http-nio-9510-exec-8] o.s.security.web.FilterChainProxy        : Secured POST /api/jwt/auth/login
2026-04-22T21:07:33.608+03:00 DEBUG 4922 --- [auth-service] [http-nio-9510-exec-8] o.s.s.a.dao.DaoAuthenticationProvider    : Authenticated user
2026-04-22T21:07:34.975+03:00 DEBUG 4922 --- [auth-service] [http-nio-9510-exec-8] o.s.s.a.dao.DaoAuthenticationProvider    : Authenticated user
2026-04-22T22:30:52.239+03:00  INFO 2405 --- [auth-service] [main] by.step.AuthServiceApplication           : Starting AuthServiceApplication using Java 17.0.18 with PID 2405 (/mnt/c/Users/diman/IdeaProjects/skin-market/auth-service/target/classes started by diman in /mnt/c/Users/diman/IdeaProjects/skin-market/auth-service)
2026-04-22T22:30:52.242+03:00 DEBUG 2405 --- [auth-service] [main] by.step.AuthServiceApplication           : Running with Spring Boot v3.2.0, Spring v6.1.1
2026-04-22T22:30:52.243+03:00  INFO 2405 --- [auth-service] [main] by.step.AuthServiceApplication           : The following 1 profile is active: "jwt"
2026-04-22T22:30:55.388+03:00  INFO 2405 --- [auth-service] [main] o.s.b.w.embedded.tomcat.TomcatWebServer  : Tomcat initialized with port 9510 (http)
2026-04-22T22:30:55.416+03:00  INFO 2405 --- [auth-service] [main] o.apache.catalina.core.StandardService   : Starting service [Tomcat]
2026-04-22T22:30:55.417+03:00  INFO 2405 --- [auth-service] [main] o.apache.catalina.core.StandardEngine    : Starting Servlet engine: [Apache Tomcat/10.1.16]
2026-04-22T22:30:55.607+03:00  INFO 2405 --- [auth-service] [main] o.a.c.c.C.[Tomcat].[localhost].[/]       : Initializing Spring embedded WebApplicationContext
2026-04-22T22:30:55.609+03:00  INFO 2405 --- [auth-service] [main] w.s.c.ServletWebServerApplicationContext : Root WebApplicationContext: initialization completed in 3274 ms
2026-04-22T22:30:57.712+03:00 DEBUG 2405 --- [auth-service] [main] by.step.config.JwtAuthenticationFilter   : Filter 'jwtAuthenticationFilter' configured for use
2026-04-22T22:30:58.837+03:00  INFO 2405 --- [auth-service] [main] o.s.s.web.DefaultSecurityFilterChain     : Will secure any request with [org.springframework.security.web.session.DisableEncodeUrlFilter@2f894ad9, org.springframework.security.web.context.request.async.WebAsyncManagerIntegrationFilter@5afbd567, org.springframework.security.web.context.SecurityContextHolderFilter@3fb9a67f, org.springframework.security.web.header.HeaderWriterFilter@6ee99964, org.springframework.security.web.authentication.logout.LogoutFilter@1945113f, by.step.config.JwtAuthenticationFilter@1317b708, org.springframework.security.web.savedrequest.RequestCacheAwareFilter@5562c2c9, org.springframework.security.web.servletapi.SecurityContextHolderAwareRequestFilter@673c4f6e, org.springframework.security.web.authentication.AnonymousAuthenticationFilter@6993c8df, org.springframework.security.web.session.SessionManagementFilter@5d1e0fbb, org.springframework.security.web.access.ExceptionTranslationFilter@76a14c8d, org.springframework.security.web.access.intercept.AuthorizationFilter@1d6d1d42]
2026-04-22T22:30:59.381+03:00  INFO 2405 --- [auth-service] [main] o.s.b.w.embedded.tomcat.TomcatWebServer  : Tomcat started on port 9510 (http) with context path ''
2026-04-22T22:30:59.390+03:00  INFO 2405 --- [auth-service] [main] by.step.AuthServiceApplication           : Started AuthServiceApplication in 8.59 seconds (process running for 9.135)
2026-04-22T22:33:28.234+03:00  INFO 2405 --- [auth-service] [http-nio-9510-exec-1] o.a.c.c.C.[Tomcat].[localhost].[/]       : Initializing Spring DispatcherServlet 'dispatcherServlet'
2026-04-22T22:33:28.235+03:00  INFO 2405 --- [auth-service] [http-nio-9510-exec-1] o.s.web.servlet.DispatcherServlet        : Initializing Servlet 'dispatcherServlet'
2026-04-22T22:33:28.240+03:00  INFO 2405 --- [auth-service] [http-nio-9510-exec-1] o.s.web.servlet.DispatcherServlet        : Completed initialization in 4 ms
2026-04-22T22:33:28.272+03:00 DEBUG 2405 --- [auth-service] [http-nio-9510-exec-1] o.s.security.web.FilterChainProxy        : Securing POST /api/jwt/auth/login
2026-04-22T22:33:28.307+03:00 DEBUG 2405 --- [auth-service] [http-nio-9510-exec-1] o.s.s.w.a.AnonymousAuthenticationFilter  : Set SecurityContextHolder to anonymous SecurityContext
2026-04-22T22:33:28.309+03:00  WARN 2405 --- [auth-service] [http-nio-9510-exec-1] o.s.w.s.h.HandlerMappingIntrospector     : Cache miss for REQUEST dispatch to '/api/jwt/auth/login' (previous null). Performing MatchableHandlerMapping lookup. This is logged once only at WARN level, and every time at TRACE.
2026-04-22T22:33:28.391+03:00 DEBUG 2405 --- [auth-service] [http-nio-9510-exec-1] o.s.security.web.FilterChainProxy        : Secured POST /api/jwt/auth/login
2026-04-22T22:33:30.097+03:00 DEBUG 2405 --- [auth-service] [http-nio-9510-exec-1] o.s.s.a.dao.DaoAuthenticationProvider    : Authenticated user
2026-04-22T22:33:30.809+03:00 DEBUG 2405 --- [auth-service] [http-nio-9510-exec-1] o.s.s.a.dao.DaoAuthenticationProvider    : Authenticated user
2026-04-22T22:36:13.495+03:00 DEBUG 2405 --- [auth-service] [http-nio-9510-exec-3] o.s.security.web.FilterChainProxy        : Securing POST /api/jwt/auth/login
2026-04-22T22:36:13.498+03:00 DEBUG 2405 --- [auth-service] [http-nio-9510-exec-3] o.s.s.w.a.AnonymousAuthenticationFilter  : Set SecurityContextHolder to anonymous SecurityContext
2026-04-22T22:36:13.500+03:00 DEBUG 2405 --- [auth-service] [http-nio-9510-exec-3] o.s.security.web.FilterChainProxy        : Secured POST /api/jwt/auth/login
2026-04-22T22:36:14.223+03:00 DEBUG 2405 --- [auth-service] [http-nio-9510-exec-3] o.s.s.a.dao.DaoAuthenticationProvider    : Authenticated user
2026-04-22T22:36:14.882+03:00 DEBUG 2405 --- [auth-service] [http-nio-9510-exec-3] o.s.s.a.dao.DaoAuthenticationProvider    : Authenticated user
2026-04-22T22:58:19.735+03:00 DEBUG 2405 --- [auth-service] [http-nio-9510-exec-5] o.s.security.web.FilterChainProxy        : Securing POST /api/jwt/auth/login
2026-04-22T22:58:19.740+03:00 DEBUG 2405 --- [auth-service] [http-nio-9510-exec-5] o.s.s.w.a.AnonymousAuthenticationFilter  : Set SecurityContextHolder to anonymous SecurityContext
2026-04-22T22:58:19.743+03:00 DEBUG 2405 --- [auth-service] [http-nio-9510-exec-5] o.s.security.web.FilterChainProxy        : Secured POST /api/jwt/auth/login
2026-04-22T22:58:20.486+03:00 DEBUG 2405 --- [auth-service] [http-nio-9510-exec-5] o.s.s.a.dao.DaoAuthenticationProvider    : Authenticated user
2026-04-22T22:58:21.359+03:00 DEBUG 2405 --- [auth-service] [http-nio-9510-exec-5] o.s.s.a.dao.DaoAuthenticationProvider    : Authenticated user
2026-04-22T22:58:28.535+03:00 DEBUG 2405 --- [auth-service] [http-nio-9510-exec-6] o.s.security.web.FilterChainProxy        : Securing POST /api/jwt/auth/login
2026-04-22T22:58:28.537+03:00 DEBUG 2405 --- [auth-service] [http-nio-9510-exec-6] o.s.s.w.a.AnonymousAuthenticationFilter  : Set SecurityContextHolder to anonymous SecurityContext
2026-04-22T22:58:28.539+03:00 DEBUG 2405 --- [auth-service] [http-nio-9510-exec-6] o.s.security.web.FilterChainProxy        : Secured POST /api/jwt/auth/login
2026-04-22T22:58:29.146+03:00 DEBUG 2405 --- [auth-service] [http-nio-9510-exec-6] o.s.s.a.dao.DaoAuthenticationProvider    : Authenticated user
2026-04-22T22:58:29.734+03:00 DEBUG 2405 --- [auth-service] [http-nio-9510-exec-6] o.s.s.a.dao.DaoAuthenticationProvider    : Authenticated user
2026-04-22T23:01:44.290+03:00 DEBUG 2405 --- [auth-service] [http-nio-9510-exec-8] o.s.security.web.FilterChainProxy        : Securing POST /api/jwt/auth/login
2026-04-22T23:01:44.292+03:00 DEBUG 2405 --- [auth-service] [http-nio-9510-exec-8] o.s.s.w.a.AnonymousAuthenticationFilter  : Set SecurityContextHolder to anonymous SecurityContext
2026-04-22T23:01:44.293+03:00 DEBUG 2405 --- [auth-service] [http-nio-9510-exec-8] o.s.security.web.FilterChainProxy        : Secured POST /api/jwt/auth/login
2026-04-22T23:01:44.949+03:00 DEBUG 2405 --- [auth-service] [http-nio-9510-exec-8] o.s.s.a.dao.DaoAuthenticationProvider    : Authenticated user
2026-04-22T23:01:45.644+03:00 DEBUG 2405 --- [auth-service] [http-nio-9510-exec-8] o.s.s.a.dao.DaoAuthenticationProvider    : Authenticated user
2026-04-22T23:08:58.915+03:00 DEBUG 2405 --- [auth-service] [http-nio-9510-exec-10] o.s.security.web.FilterChainProxy        : Securing POST /api/jwt/auth/login
2026-04-22T23:08:58.916+03:00 DEBUG 2405 --- [auth-service] [http-nio-9510-exec-10] o.s.s.w.a.AnonymousAuthenticationFilter  : Set SecurityContextHolder to anonymous SecurityContext
2026-04-22T23:08:58.918+03:00 DEBUG 2405 --- [auth-service] [http-nio-9510-exec-10] o.s.security.web.FilterChainProxy        : Secured POST /api/jwt/auth/login
2026-04-22T23:08:59.574+03:00 DEBUG 2405 --- [auth-service] [http-nio-9510-exec-10] o.s.s.a.dao.DaoAuthenticationProvider    : Authenticated user
2026-04-22T23:09:00.212+03:00 DEBUG 2405 --- [auth-service] [http-nio-9510-exec-10] o.s.s.a.dao.DaoAuthenticationProvider    : Authenticated user
2026-04-22T23:09:25.233+03:00 DEBUG 2405 --- [auth-service] [http-nio-9510-exec-1] o.s.security.web.FilterChainProxy        : Securing POST /api/jwt/auth/login
2026-04-22T23:09:25.235+03:00 DEBUG 2405 --- [auth-service] [http-nio-9510-exec-1] o.s.s.w.a.AnonymousAuthenticationFilter  : Set SecurityContextHolder to anonymous SecurityContext
2026-04-22T23:09:25.236+03:00 DEBUG 2405 --- [auth-service] [http-nio-9510-exec-1] o.s.security.web.FilterChainProxy        : Secured POST /api/jwt/auth/login
2026-04-22T23:09:25.882+03:00 DEBUG 2405 --- [auth-service] [http-nio-9510-exec-1] o.s.s.a.dao.DaoAuthenticationProvider    : Authenticated user
2026-04-22T23:09:26.551+03:00 DEBUG 2405 --- [auth-service] [http-nio-9510-exec-1] o.s.s.a.dao.DaoAuthenticationProvider    : Authenticated user
2026-04-22T23:15:21.558+03:00 DEBUG 2405 --- [auth-service] [http-nio-9510-exec-3] o.s.security.web.FilterChainProxy        : Securing POST /api/jwt/auth/login
2026-04-22T23:15:21.560+03:00 DEBUG 2405 --- [auth-service] [http-nio-9510-exec-3] o.s.s.w.a.AnonymousAuthenticationFilter  : Set SecurityContextHolder to anonymous SecurityContext
2026-04-22T23:15:21.562+03:00 DEBUG 2405 --- [auth-service] [http-nio-9510-exec-3] o.s.security.web.FilterChainProxy        : Secured POST /api/jwt/auth/login
2026-04-22T23:15:22.194+03:00 DEBUG 2405 --- [auth-service] [http-nio-9510-exec-3] o.s.s.a.dao.DaoAuthenticationProvider    : Authenticated user
2026-04-22T23:15:22.846+03:00 DEBUG 2405 --- [auth-service] [http-nio-9510-exec-3] o.s.s.a.dao.DaoAuthenticationProvider    : Authenticated user
2026-04-22T23:15:57.898+03:00 DEBUG 2405 --- [auth-service] [http-nio-9510-exec-4] o.s.security.web.FilterChainProxy        : Securing POST /api/auth/register
2026-04-22T23:15:57.899+03:00 DEBUG 2405 --- [auth-service] [http-nio-9510-exec-4] o.s.s.w.a.AnonymousAuthenticationFilter  : Set SecurityContextHolder to anonymous SecurityContext
2026-04-22T23:15:57.900+03:00 DEBUG 2405 --- [auth-service] [http-nio-9510-exec-4] o.s.security.web.FilterChainProxy        : Secured POST /api/auth/register
2026-04-22T23:16:06.232+03:00 DEBUG 2405 --- [auth-service] [http-nio-9510-exec-5] o.s.security.web.FilterChainProxy        : Securing POST /api/auth/register
2026-04-22T23:16:06.234+03:00 DEBUG 2405 --- [auth-service] [http-nio-9510-exec-5] o.s.s.w.a.AnonymousAuthenticationFilter  : Set SecurityContextHolder to anonymous SecurityContext
2026-04-22T23:16:06.235+03:00 DEBUG 2405 --- [auth-service] [http-nio-9510-exec-5] o.s.security.web.FilterChainProxy        : Secured POST /api/auth/register
2026-04-22T23:16:31.249+03:00 DEBUG 2405 --- [auth-service] [http-nio-9510-exec-6] o.s.security.web.FilterChainProxy        : Securing POST /api/jwt/auth/login
2026-04-22T23:16:31.250+03:00 DEBUG 2405 --- [auth-service] [http-nio-9510-exec-6] o.s.s.w.a.AnonymousAuthenticationFilter  : Set SecurityContextHolder to anonymous SecurityContext
2026-04-22T23:16:31.252+03:00 DEBUG 2405 --- [auth-service] [http-nio-9510-exec-6] o.s.security.web.FilterChainProxy        : Secured POST /api/jwt/auth/login
2026-04-22T23:16:31.873+03:00 DEBUG 2405 --- [auth-service] [http-nio-9510-exec-6] o.s.s.a.dao.DaoAuthenticationProvider    : Authenticated user
2026-04-22T23:16:32.502+03:00 DEBUG 2405 --- [auth-service] [http-nio-9510-exec-6] o.s.s.a.dao.DaoAuthenticationProvider    : Authenticated user
2026-04-22T23:27:55.176+03:00 DEBUG 2405 --- [auth-service] [http-nio-9510-exec-8] o.s.security.web.FilterChainProxy        : Securing POST /api/auth/register
2026-04-22T23:27:55.191+03:00 DEBUG 2405 --- [auth-service] [http-nio-9510-exec-8] o.s.s.w.a.AnonymousAuthenticationFilter  : Set SecurityContextHolder to anonymous SecurityContext
2026-04-22T23:27:55.205+03:00 DEBUG 2405 --- [auth-service] [http-nio-9510-exec-8] o.s.security.web.FilterChainProxy        : Secured POST /api/auth/register
2026-04-22T23:28:04.899+03:00 DEBUG 2405 --- [auth-service] [http-nio-9510-exec-9] o.s.security.web.FilterChainProxy        : Securing POST /api/auth/register
2026-04-22T23:28:04.900+03:00 DEBUG 2405 --- [auth-service] [http-nio-9510-exec-9] o.s.s.w.a.AnonymousAuthenticationFilter  : Set SecurityContextHolder to anonymous SecurityContext
2026-04-22T23:28:04.922+03:00 DEBUG 2405 --- [auth-service] [http-nio-9510-exec-9] o.s.security.web.FilterChainProxy        : Secured POST /api/auth/register
2026-04-22T23:28:15.475+03:00 DEBUG 2405 --- [auth-service] [http-nio-9510-exec-10] o.s.security.web.FilterChainProxy        : Securing POST /api/jwt/auth/login
2026-04-22T23:28:15.477+03:00 DEBUG 2405 --- [auth-service] [http-nio-9510-exec-10] o.s.s.w.a.AnonymousAuthenticationFilter  : Set SecurityContextHolder to anonymous SecurityContext
2026-04-22T23:28:15.480+03:00 DEBUG 2405 --- [auth-service] [http-nio-9510-exec-10] o.s.security.web.FilterChainProxy        : Secured POST /api/jwt/auth/login
2026-04-22T23:28:16.093+03:00 DEBUG 2405 --- [auth-service] [http-nio-9510-exec-10] o.s.s.a.dao.DaoAuthenticationProvider    : Authenticated user
2026-04-22T23:28:16.684+03:00 DEBUG 2405 --- [auth-service] [http-nio-9510-exec-10] o.s.s.a.dao.DaoAuthenticationProvider    : Authenticated user
